// Jest Snapshot v1, https://goo.gl/fbAQLP

exports[`LeftPanel shows tree nodes with matching search value in red 1`] = `
<div>
  <div>
    <div
      class="modalView"
    >
      <div
        class="scrollTreeData"
      >
        <div
          class="ant-tree css-dev-only-do-not-override-14wwjjs ant-tree-show-line"
          role="tree"
        >
          <div>
            <input
              aria-label="for screen reader"
              style="width: 0px; height: 0px; display: flex; overflow: hidden; opacity: 0; border: 0px; padding: 0px; margin: 0px;"
              tabindex="0"
              value=""
            />
          </div>
          <div
            aria-hidden="true"
            class="ant-tree-treenode"
            style="position: absolute; pointer-events: none; visibility: hidden; height: 0px; overflow: hidden; border: 0px; padding: 0px;"
          >
            <div
              class="ant-tree-indent"
            >
              <div
                class="ant-tree-indent-unit"
              />
            </div>
          </div>
          <div
            class="ant-tree-list"
            style="position: relative;"
          >
            <div
              class="ant-tree-list-holder"
            >
              <div>
                <div
                  class="ant-tree-list-holder-inner"
                  style="display: flex; flex-direction: column;"
                >
                  <div
                    aria-grabbed="false"
                    class="ant-tree-treenode ant-tree-treenode-switcher-close"
                    draggable="false"
                  >
                    <span
                      aria-hidden="true"
                      class="ant-tree-indent"
                    />
                    <span
                      class="ant-tree-switcher ant-tree-switcher-noop"
                    >
                      <span
                        class="ant-tree-switcher-leaf-line"
                      />
                    </span>
                    <span
                      class="ant-tree-node-content-wrapper ant-tree-node-content-wrapper-normal"
                      title=""
                    >
                      <span
                        class="ant-tree-iconEle ant-tree-icon__docu"
                      />
                      <span
                        class="ant-tree-title"
                      >
                        <span />
                      </span>
                    </span>
                  </div>
                  <div
                    aria-grabbed="false"
                    class="ant-tree-treenode ant-tree-treenode-switcher-close ant-tree-treenode-leaf-last"
                    draggable="false"
                  >
                    <span
                      aria-hidden="true"
                      class="ant-tree-indent"
                    />
                    <span
                      class="ant-tree-switcher ant-tree-switcher-noop"
                    >
                      <span
                        class="ant-tree-switcher-leaf-line"
                      />
                    </span>
                    <span
                      class="ant-tree-node-content-wrapper ant-tree-node-content-wrapper-normal"
                      title=""
                    >
                      <span
                        class="ant-tree-iconEle ant-tree-icon__docu"
                      />
                      <span
                        class="ant-tree-title"
                      >
                        <span />
                      </span>
                    </span>
                  </div>
                </div>
              </div>
            </div>
          </div>
        </div>
      </div>
    </div>
  </div>
</div>
`;
