// Jest Snapshot v1, https://goo.gl/fbAQLP

exports[`PageHeader Component should render PageHeader component 1`] = `
<div>
  <div
    class="ant-row pageHeader css-dev-only-do-not-override-14wwjjs"
    style="margin-left: -10px; margin-right: -10px;"
  >
    <div
      class="ant-col ant-col-xs-24 ant-col-sm-24 ant-col-md-24 ant-col-lg-24 ant-col-xl-24 ant-col-xxl-24 css-dev-only-do-not-override-14wwjjs"
      style="padding-left: 10px; padding-right: 10px;"
    >
      <div
        class="ant-space css-dev-only-do-not-override-14wwjjs ant-space-horizontal ant-space-align-center"
      >
        <div
          class="ant-space-item"
        >
          <div>
            <span
              class="headingGradient"
            />
          </div>
        </div>
      </div>
    </div>
  </div>
  <div
    class="ant-row css-dev-only-do-not-override-14wwjjs"
    style="margin-left: -10px; margin-right: -10px;"
  >
    <div
      class="ant-col ant-col-xs-24 ant-col-sm-24 ant-col-md-24 ant-col-lg-24 ant-col-xl-24 ant-col-xxl-24 css-dev-only-do-not-override-14wwjjs"
      style="padding-left: 10px; padding-right: 10px;"
    >
      <div
        class="pageHeaderNameSection"
      />
    </div>
  </div>
  ;
</div>
`;
